// Jest Snapshot v1, https://goo.gl/fbAQLP

exports[`Creates a snapshot of the quote page and it should match the previous one 1`] = `
<header>
  <h2>
    Welcome to our page!
  </h2>
  <p>
    <span
      className="name"
    >
      Without mathematics, there’s nothing you can do. Everything around you is mathematics. Everything around you is numbers. —     Shakuntala Devi, Indian writer and mental calculator
    </span>
  </p>
</header>
`;
